// Vitest Snapshot v1, https://vitest.dev/guide/snapshot.html

exports[`ruleBasedAdapter output snapshot > matches the snapshot for fixtures/real/large.json 1`] = `
{
  "generatedAt": "2026-01-01T00:00:00.000Z",
  "groups": [
    {
      "category": "code",
      "filePaths": [
        "packages/reactivity/src/arrayInstrumentations.ts",
        "packages/reactivity/src/computed.ts",
        "packages/reactivity/src/debug.ts",
        "packages/reactivity/src/dep.ts",
        "packages/reactivity/src/effect.ts",
        "packages/reactivity/src/effectScope.ts",
        "packages/reactivity/src/ref.ts",
        "packages/reactivity/src/system.ts",
        "packages/reactivity/src/watch.ts",
        "packages/runtime-core/src/renderer.ts",
      ],
      "key": "code",
      "label": "Code",
      "summary": "Source changes.",
    },
    {
      "category": "config",
      "filePaths": [
        "vitest.config.ts",
      ],
      "key": "config",
      "label": "Config",
      "summary": "Configuration changes.",
    },
    {
      "category": "tests",
      "filePaths": [
        "packages/reactivity/__tests__/computed.spec.ts",
        "packages/reactivity/__tests__/effect.spec.ts",
        "packages/reactivity/__tests__/gc.spec.ts",
        "packages/runtime-core/__tests__/apiSetupHelpers.spec.ts",
        "packages/runtime-core/__tests__/errorHandling.spec.ts",
      ],
      "key": "tests",
      "label": "Tests",
      "summary": "Test coverage for the change.",
    },
  ],
  "schemaVersion": 1,
  "source": "rule-based",
}
`;

exports[`ruleBasedAdapter output snapshot > matches the snapshot for fixtures/real/small.json 1`] = `
{
  "generatedAt": "2026-01-01T00:00:00.000Z",
  "groups": [
    {
      "category": "code",
      "filePaths": [
        "src/config-presets.ts",
        "src/configs/antislop.ts",
        "src/configs/index.ts",
        "src/factory.ts",
        "src/types.ts",
      ],
      "key": "code",
      "label": "Code",
      "summary": "Source changes.",
    },
    {
      "category": "config",
      "filePaths": [
        "package.json",
        "pnpm-workspace.yaml",
      ],
      "key": "config",
      "label": "Config",
      "summary": "Configuration changes.",
    },
    {
      "category": "docs",
      "filePaths": [
        "README.md",
      ],
      "key": "docs",
      "label": "Docs",
      "summary": "Documentation updates.",
    },
    {
      "category": "tests",
      "filePaths": [
        "test/__snapshots__/api/@antfu/eslint-config/index.snapshot.d.ts",
        "test/__snapshots__/api/@antfu/eslint-config/index.snapshot.js",
        "test/__snapshots__/factory/default.snap.js",
        "test/__snapshots__/factory/full-on.snap.js",
        "test/__snapshots__/factory/in-editor.snap.js",
        "test/__snapshots__/factory/javascript-vue.snap.js",
        "test/__snapshots__/factory/less-opinionated.snap.js",
        "test/__snapshots__/factory/lib.snap.js",
        "test/__snapshots__/factory/pnpm-without-jsonc.snap.js",
      ],
      "key": "tests",
      "label": "Tests",
      "summary": "Test coverage for the change.",
    },
    {
      "category": "generated",
      "filePaths": [
        "pnpm-lock.yaml",
      ],
      "key": "generated",
      "label": "Generated",
      "summary": "Generated or build output changes.",
    },
  ],
  "schemaVersion": 1,
  "source": "rule-based",
}
`;
